Microsoft Windows [Versión 10.0.19045.6216]
(c) Microsoft Corporation. Todos los derechos reservados.

C:\Users\Angel>mysql
"mysql" no se reconoce como un comando interno o externo,
programa o archivo por lotes ejecutable.

C:\Users\Angel>mysqlsh
MySQL Shell 8.0.43

Copyright (c) 2016, 2025, Oracle and/or its affiliates.
Oracle is a registered trademark of Oracle Corporation and/or its affiliates.
Other names may be trademarks of their respective owners.

Type '\help' or '\?' for help; '\quit' to exit.
 MySQL  JS > \sql
Switching to SQL mode... Commands end with ;
 MySQL  SQL > \connect --mc root@localhost
Creating a Classic session to 'root@localhost'
Fetching global names for auto-completion... Press ^C to stop.
Your MySQL connection id is 23
Server version: 8.0.43 MySQL Community Server - GPL
No default schema selected; type \use <schema> to set one.
 MySQL  localhost:3306 ssl  SQL > use tbd1;
Default schema set to `tbd1`.
Fetching global names, object names from `tbd1` for auto-completion... Press ^C to stop.
 MySQL  localhost:3306 ssl  tbd1  SQL > show tables;
+----------------+
| Tables_in_tbd1 |
+----------------+
| persona        |
+----------------+
1 row in set (0.0354 sec)
 MySQL  localhost:3306 ssl  tbd1  SQL > desc tables;
ERROR: 1146 (42S02): Table 'tbd1.tables' doesn't exist
 MySQL  localhost:3306 ssl  tbd1  SQL > desc table persona;
+----+-------------+---------+------------+------+---------------+------+---------+------+------+----------+-------+
| id | select_type | table   | partitions | type | possible_keys | key  | key_len | ref  | rows | filtered | Extra |
+----+-------------+---------+------------+------+---------------+------+---------+------+------+----------+-------+
|  1 | SIMPLE      | persona | NULL       | ALL  | NULL          | NULL | NULL    | NULL |    1 |      100 | NULL  |
+----+-------------+---------+------------+------+---------------+------+---------+------+------+----------+-------+
1 row in set, 1 warning (0.0240 sec)
Note (code 1003): /* select#1 */ select `tbd1`.`persona`.`id` AS `id`,`tbd1`.`persona`.`nombre` AS `nombre`,`tbd1`.`persona`.`apellido` AS `apellido` from `tbd1`.`persona`
 MySQL  localhost:3306 ssl  tbd1  SQL > desc persona;
+----------+-------------+------+-----+---------+-------+
| Field    | Type        | Null | Key | Default | Extra |
+----------+-------------+------+-----+---------+-------+
| id       | int         | YES  |     | NULL    |       |
| nombre   | varchar(50) | YES  |     | NULL    |       |
| apellido | varchar(50) | YES  |     | NULL    |       |
+----------+-------------+------+-----+---------+-------+
3 rows in set (0.0039 sec)
 MySQL  localhost:3306 ssl  tbd1  SQL > show create table persona;
+---------+-------------------------------------------------------------------------------------------------------------------------------------------------------------------------------------------------+
| Table   | Create Table                                                                                                                                                                                    |
+---------+-------------------------------------------------------------------------------------------------------------------------------------------------------------------------------------------------+
| persona | CREATE TABLE `persona` (
  `id` int DEFAULT NULL,
  `nombre` varchar(50) DEFAULT NULL,
  `apellido` varchar(50) DEFAULT NULL
) ENGINE=InnoDB DEFAULT CHARSET=utf8mb4 COLLATE=utf8mb4_0900_ai_ci |
+---------+-------------------------------------------------------------------------------------------------------------------------------------------------------------------------------------------------+
1 row in set (0.0355 sec)
 MySQL  localhost:3306 ssl  tbd1  SQL > create table customer(
                                     -> cust-id int,
                                     -> cust-name varchar(50),
                                     -> address varchar(100),
                                     -> phone varchar(15);
ERROR: 1064 (42000): You have an error in your SQL syntax; check the manual that corresponds to your MySQL server version for the right syntax to use near '-id int,
cust-name varchar(50),
address varchar(100),
phone varchar(15)' at line 2
 MySQL  localhost:3306 ssl  tbd1  SQL > create table customer(
                                     -> cust_id int,
                                     -> cust_name varchar(50),
                                     -> address varchar(100),
                                     -> phone varchar(15));
Query OK, 0 rows affected (0.1427 sec)
 MySQL  localhost:3306 ssl  tbd1  SQL > show tables;
+----------------+
| Tables_in_tbd1 |
+----------------+
| customer       |
| persona        |
+----------------+
2 rows in set (0.0025 sec)
 MySQL  localhost:3306 ssl  tbd1  SQL > desc customer;
+-----------+--------------+------+-----+---------+-------+
| Field     | Type         | Null | Key | Default | Extra |
+-----------+--------------+------+-----+---------+-------+
| cust_id   | int          | YES  |     | NULL    |       |
| cust_name | varchar(50)  | YES  |     | NULL    |       |
| address   | varchar(100) | YES  |     | NULL    |       |
| phone     | varchar(15)  | YES  |     | NULL    |       |
+-----------+--------------+------+-----+---------+-------+
4 rows in set (0.0124 sec)
 MySQL  localhost:3306 ssl  tbd1  SQL > drop table customer;
Query OK, 0 rows affected (0.0900 sec)
 MySQL  localhost:3306 ssl  tbd1  SQL > create table customer(
                                     -> cust_id int not null,
                                     -> cust_name varchar(50) not null,
                                     -> address varchar(100) null,
                                     -> phone varchar(15));
Query OK, 0 rows affected (0.1179 sec)
 MySQL  localhost:3306 ssl  tbd1  SQL > desc customer;
+-----------+--------------+------+-----+---------+-------+
| Field     | Type         | Null | Key | Default | Extra |
+-----------+--------------+------+-----+---------+-------+
| cust_id   | int          | NO   |     | NULL    |       |
| cust_name | varchar(50)  | NO   |     | NULL    |       |
| address   | varchar(100) | YES  |     | NULL    |       |
| phone     | varchar(15)  | YES  |     | NULL    |       |
+-----------+--------------+------+-----+---------+-------+
4 rows in set (0.0037 sec)
 MySQL  localhost:3306 ssl  tbd1  SQL > drop table customer;
Query OK, 0 rows affected (0.0433 sec)
 MySQL  localhost:3306 ssl  tbd1  SQL > create table customer(
                                     -> cust_id int not null auto_increment,
                                     -> cust_name varchar(50) not null,
                                     -> address varchar(100) null,
                                     -> phone varchar(15) null);
ERROR: 1075 (42000): Incorrect table definition; there can be only one auto column and it must be defined as a key
 MySQL  localhost:3306 ssl  tbd1  SQL > create table customer( cust_id int not null auto_increment key, cust_name varchar(50) not null, address varchar(100) null, phone varchar(15) null);
Query OK, 0 rows affected (0.0522 sec)
 MySQL  localhost:3306 ssl  tbd1  SQL > desc customer;
+-----------+--------------+------+-----+---------+----------------+
| Field     | Type         | Null | Key | Default | Extra          |
+-----------+--------------+------+-----+---------+----------------+
| cust_id   | int          | NO   | PRI | NULL    | auto_increment |
| cust_name | varchar(50)  | NO   |     | NULL    |                |
| address   | varchar(100) | YES  |     | NULL    |                |
| phone     | varchar(15)  | YES  |     | NULL    |                |
+-----------+--------------+------+-----+---------+----------------+
4 rows in set (0.0032 sec)
 MySQL  localhost:3306 ssl  tbd1  SQL > create table student(
                                     -> stud_name varchar(50) not null auto_increment key,
                                     ->
                                     ->
                                     -> ;
ERROR: 1064 (42000): You have an error in your SQL syntax; check the manual that corresponds to your MySQL server version for the right syntax to use near '' at line 2
 MySQL  localhost:3306 ssl  tbd1  SQL > create table student(
                                     -> stud_name varchar(50) not null,
                                     -> ssn varchar(30) not null key,
                                     -> home_phone varchar(40) null,
                                     -> address varchar(100) not null,
                                     -> office_phone varchar(20) null,
                                     -> age int not null,
                                     -> gpa dec not null);
Query OK, 0 rows affected (0.0674 sec)
 MySQL  localhost:3306 ssl  tbd1  SQL > desc student;
+--------------+---------------+------+-----+---------+-------+
| Field        | Type          | Null | Key | Default | Extra |
+--------------+---------------+------+-----+---------+-------+
| stud_name    | varchar(50)   | NO   |     | NULL    |       |
| ssn          | varchar(30)   | NO   | PRI | NULL    |       |
| home_phone   | varchar(40)   | YES  |     | NULL    |       |
| address      | varchar(100)  | NO   |     | NULL    |       |
| office_phone | varchar(20)   | YES  |     | NULL    |       |
| age          | int           | NO   |     | NULL    |       |
| gpa          | decimal(10,0) | NO   |     | NULL    |       |
+--------------+---------------+------+-----+---------+-------+
7 rows in set (0.0039 sec)
 MySQL  localhost:3306 ssl  tbd1  SQL >